// Jest Snapshot v1, https://goo.gl/fbAQLP

exports[`Create a user Creating a user happy path 1`] = `
Object {
  "id": Any<String>,
}
`;

exports[`Create a user Creating a user happy path 2`] = `
Array [
  Object {
    "city": "Seoul",
    "createdAt": Any<String>,
    "email": "john.doe@sp.com",
    "id": Any<String>,
    "postalCode": "29145",
    "street": "Jongro",
    "updatedAt": Any<String>,
  },
]
`;
